// Jest Snapshot v1, https://goo.gl/fbAQLP

exports[`TextBlockEdit renders w/o errors 1`] = `
<DocumentFragment>
  <div
    class="slate-editor selected"
    data-slate-selection="null"
    data-slate-value="[
  {
    \\"type\\": \\"p\\",
    \\"children\\": [
      {
        \\"text\\": \\"\\"
      }
    ]
  }
]"
  >
    <div
      data-gramm="false"
      data-slate-editor="true"
      data-slate-node="value"
      spellcheck="false"
      style="outline: none; white-space: pre-wrap; word-wrap: break-word;"
    >
      <p
        data-slate-node="element"
      >
        <span
          data-slate-node="text"
        >
          <span
            class=""
            data-slate-leaf="true"
          >
            <span
              contenteditable="false"
              style="pointer-events: none; display: inline-block; width: 0px; max-width: 100%; white-space: nowrap; opacity: 0.333; user-select: none; font-style: normal; font-weight: normal; text-decoration: none;"
            >
              Enter some rich text…
            </span>
            <span
              data-slate-length="0"
              data-slate-zero-width="n"
            >
              ﻿
              <br />
            </span>
          </span>
        </span>
      </p>
    </div>
  </div>
  <button
    class="ui basic icon button block-add-button"
  >
    <svg
      class="icon block-add-button"
      style="height: 24px; width: auto; fill: currentColor;"
      viewBox=""
      xmlns=""
    />
  </button>
</DocumentFragment>
`;
