// Jest Snapshot v1, https://goo.gl/fbAQLP

exports[`renders an edit description block component 1`] = `<div />`;

exports[`renders an edit title block component 1`] = `<div />`;
