// Jest Snapshot v1, https://goo.gl/fbAQLP

exports[`renders a view description component 1`] = `
<p
  className="documentDescription"
>
  My Description
</p>
`;

exports[`renders a view title component 1`] = `
<h1
  className="documentFirstHeading"
>
  My Title
</h1>
`;
